// Jest Snapshot v1, https://goo.gl/fbAQLP

exports[`<GridGifItem /> tests it should to show successfully the component 1`] = `
<div
  className="card animate__bounceIn"
>
  <img
    alt="a title"
    src="https://localhost/some.php"
  />
  <p>
    a title
  </p>
</div>
`;
